// Jest Snapshot v1, https://goo.gl/fbAQLP

exports[`Puebas en MultipleCostumsHooks Should show the correct result 1`] = `ShallowWrapper {}`;
